
> react-kavia@0.1.0 start
> react-scripts start

(node:1527) [DEP_WEBPACK_DEV_SERVER_ON_AFTER_SETUP_MIDDLEWARE] DeprecationWarning: 'onAfterSetupMiddleware' option is deprecated. Please use the 'setupMiddlewares' option.
(Use `node --trace-deprecation ...` to show where the warning was created)
(node:1527) [DEP_WEBPACK_DEV_SERVER_ON_BEFORE_SETUP_MIDDLEWARE] DeprecationWarning: 'onBeforeSetupMiddleware' option is deprecated. Please use the 'setupMiddlewares' option.
Starting the development server...

Compiled successfully!

You can now view react-kavia in the browser.

  Local:            http://localhost:3000
  On Your Network:  http://172.17.0.2:3000

Note that the development build is not optimized.
To create a production build, use npm run build.

webpack compiled successfully
Compiling...
Compiled successfully!
webpack compiled successfully
Compiling...
Failed to compile.

Module not found: Error: Can't resolve 'react-router-dom' in '/home/kavia/workspace/code-generation/intratech-connect-17280-d523d95b/intratech_connect/src'
WARNING in [eslint] 
src/AppRoutes.js
  Line 1:38:  'useCallback' is defined but never used  no-unused-vars

src/components/ArticleEditor.js
  Line 1:17:  'useEffect' is defined but never used  no-unused-vars

ERROR in ./src/App.js 6:0-49
Module not found: Error: Can't resolve 'react-router-dom' in '/home/kavia/workspace/code-generation/intratech-connect-17280-d523d95b/intratech_connect/src'

ERROR in ./src/AppRoutes.js 11:0-75
Module not found: Error: Can't resolve 'react-router-dom' in '/home/kavia/workspace/code-generation/intratech-connect-17280-d523d95b/intratech_connect/src'

ERROR in ./src/components/ArticleCard.js 5:0-39
Module not found: Error: Can't resolve 'styled-components' in '/home/kavia/workspace/code-generation/intratech-connect-17280-d523d95b/intratech_connect/src/components'

ERROR in ./src/components/ArticleCard.js 6:0-40
Module not found: Error: Can't resolve 'react-router-dom' in '/home/kavia/workspace/code-generation/intratech-connect-17280-d523d95b/intratech_connect/src/components'

ERROR in ./src/components/ArticleEditor.js 6:0-39
Module not found: Error: Can't resolve 'styled-components' in '/home/kavia/workspace/code-generation/intratech-connect-17280-d523d95b/intratech_connect/src/components'

ERROR in ./src/components/ArticleList.js 5:0-39
Module not found: Error: Can't resolve 'styled-components' in '/home/kavia/workspace/code-generation/intratech-connect-17280-d523d95b/intratech_connect/src/components'

ERROR in ./src/components/ArticleView.js 6:0-39
Module not found: Error: Can't resolve 'styled-components' in '/home/kavia/workspace/code-generation/intratech-connect-17280-d523d95b/intratech_connect/src/components'

ERROR in ./src/components/ArticleView.js 7:0-40
Module not found: Error: Can't resolve 'react-router-dom' in '/home/kavia/workspace/code-generation/intratech-connect-17280-d523d95b/intratech_connect/src/components'

ERROR in ./src/components/CategoryList.js 5:0-39
Module not found: Error: Can't resolve 'styled-components' in '/home/kavia/workspace/code-generation/intratech-connect-17280-d523d95b/intratech_connect/src/components'

ERROR in ./src/components/CategoryList.js 6:0-40
Module not found: Error: Can't resolve 'react-router-dom' in '/home/kavia/workspace/code-generation/intratech-connect-17280-d523d95b/intratech_connect/src/components'

ERROR in ./src/components/Comments.js 6:0-39
Module not found: Error: Can't resolve 'styled-components' in '/home/kavia/workspace/code-generation/intratech-connect-17280-d523d95b/intratech_connect/src/components'

ERROR in ./src/components/Footer.js 5:0-39
Module not found: Error: Can't resolve 'styled-components' in '/home/kavia/workspace/code-generation/intratech-connect-17280-d523d95b/intratech_connect/src/components'

ERROR in ./src/components/Header.js 5:0-49
Module not found: Error: Can't resolve 'react-router-dom' in '/home/kavia/workspace/code-generation/intratech-connect-17280-d523d95b/intratech_connect/src/components'

ERROR in ./src/components/Header.js 6:0-39
Module not found: Error: Can't resolve 'styled-components' in '/home/kavia/workspace/code-generation/intratech-connect-17280-d523d95b/intratech_connect/src/components'

ERROR in ./src/components/Sidebar.js 6:0-39
Module not found: Error: Can't resolve 'styled-components' in '/home/kavia/workspace/code-generation/intratech-connect-17280-d523d95b/intratech_connect/src/components'

ERROR in ./src/components/Sidebar.js 7:0-40
Module not found: Error: Can't resolve 'react-router-dom' in '/home/kavia/workspace/code-generation/intratech-connect-17280-d523d95b/intratech_connect/src/components'

ERROR in ./src/components/TagList.js 5:0-39
Module not found: Error: Can't resolve 'styled-components' in '/home/kavia/workspace/code-generation/intratech-connect-17280-d523d95b/intratech_connect/src/components'

ERROR in ./src/components/TagList.js 6:0-40
Module not found: Error: Can't resolve 'react-router-dom' in '/home/kavia/workspace/code-generation/intratech-connect-17280-d523d95b/intratech_connect/src/components'

ERROR in ./src/components/UserProfile.js 5:0-39
Module not found: Error: Can't resolve 'styled-components' in '/home/kavia/workspace/code-generation/intratech-connect-17280-d523d95b/intratech_connect/src/components'

webpack compiled with 19 errors and 1 warning
Compiling...
Failed to compile.

Module not found: Error: Can't resolve 'react-router-dom' in '/home/kavia/workspace/code-generation/intratech-connect-17280-d523d95b/intratech_connect/src'
LOG from webpack.FileSystemInfo
<w> Managed item /home/kavia/workspace/code-generation/intratech-connect-17280-d523d95b/intratech_connect/node_modules/react-router-dom isn't a directory or doesn't contain a package.json (see snapshot.managedPaths option)
+ 14 hidden lines

WARNING in [eslint] 
src/AppRoutes.js
  Line 1:38:  'useCallback' is defined but never used  no-unused-vars

src/components/ArticleEditor.js
  Line 1:17:  'useEffect' is defined but never used  no-unused-vars

ERROR in ./src/App.js 6:0-49
Module not found: Error: Can't resolve 'react-router-dom' in '/home/kavia/workspace/code-generation/intratech-connect-17280-d523d95b/intratech_connect/src'

ERROR in ./src/AppRoutes.js 11:0-75
Module not found: Error: Can't resolve 'react-router-dom' in '/home/kavia/workspace/code-generation/intratech-connect-17280-d523d95b/intratech_connect/src'

ERROR in ./src/components/ArticleCard.js 5:0-39
Module not found: Error: Can't resolve 'styled-components' in '/home/kavia/workspace/code-generation/intratech-connect-17280-d523d95b/intratech_connect/src/components'

ERROR in ./src/components/ArticleCard.js 6:0-40
Module not found: Error: Can't resolve 'react-router-dom' in '/home/kavia/workspace/code-generation/intratech-connect-17280-d523d95b/intratech_connect/src/components'

ERROR in ./src/components/ArticleEditor.js 6:0-39
Module not found: Error: Can't resolve 'styled-components' in '/home/kavia/workspace/code-generation/intratech-connect-17280-d523d95b/intratech_connect/src/components'

ERROR in ./src/components/ArticleList.js 5:0-39
Module not found: Error: Can't resolve 'styled-components' in '/home/kavia/workspace/code-generation/intratech-connect-17280-d523d95b/intratech_connect/src/components'

ERROR in ./src/components/ArticleView.js 6:0-39
Module not found: Error: Can't resolve 'styled-components' in '/home/kavia/workspace/code-generation/intratech-connect-17280-d523d95b/intratech_connect/src/components'

ERROR in ./src/components/ArticleView.js 7:0-40
Module not found: Error: Can't resolve 'react-router-dom' in '/home/kavia/workspace/code-generation/intratech-connect-17280-d523d95b/intratech_connect/src/components'

ERROR in ./src/components/CategoryList.js 5:0-39
Module not found: Error: Can't resolve 'styled-components' in '/home/kavia/workspace/code-generation/intratech-connect-17280-d523d95b/intratech_connect/src/components'

ERROR in ./src/components/CategoryList.js 6:0-40
Module not found: Error: Can't resolve 'react-router-dom' in '/home/kavia/workspace/code-generation/intratech-connect-17280-d523d95b/intratech_connect/src/components'

ERROR in ./src/components/Comments.js 6:0-39
Module not found: Error: Can't resolve 'styled-components' in '/home/kavia/workspace/code-generation/intratech-connect-17280-d523d95b/intratech_connect/src/components'

ERROR in ./src/components/Footer.js 5:0-39
Module not found: Error: Can't resolve 'styled-components' in '/home/kavia/workspace/code-generation/intratech-connect-17280-d523d95b/intratech_connect/src/components'

ERROR in ./src/components/Header.js 5:0-49
Module not found: Error: Can't resolve 'react-router-dom' in '/home/kavia/workspace/code-generation/intratech-connect-17280-d523d95b/intratech_connect/src/components'

ERROR in ./src/components/Header.js 6:0-39
Module not found: Error: Can't resolve 'styled-components' in '/home/kavia/workspace/code-generation/intratech-connect-17280-d523d95b/intratech_connect/src/components'

ERROR in ./src/components/Sidebar.js 6:0-39
Module not found: Error: Can't resolve 'styled-components' in '/home/kavia/workspace/code-generation/intratech-connect-17280-d523d95b/intratech_connect/src/components'

ERROR in ./src/components/Sidebar.js 7:0-40
Module not found: Error: Can't resolve 'react-router-dom' in '/home/kavia/workspace/code-generation/intratech-connect-17280-d523d95b/intratech_connect/src/components'

ERROR in ./src/components/TagList.js 5:0-39
Module not found: Error: Can't resolve 'styled-components' in '/home/kavia/workspace/code-generation/intratech-connect-17280-d523d95b/intratech_connect/src/components'

ERROR in ./src/components/TagList.js 6:0-40
Module not found: Error: Can't resolve 'react-router-dom' in '/home/kavia/workspace/code-generation/intratech-connect-17280-d523d95b/intratech_connect/src/components'

ERROR in ./src/components/UserProfile.js 5:0-39
Module not found: Error: Can't resolve 'styled-components' in '/home/kavia/workspace/code-generation/intratech-connect-17280-d523d95b/intratech_connect/src/components'

webpack compiled with 19 errors and 1 warning
Compiling...
Failed to compile.

Module not found: Error: Can't resolve 'react-router-dom' in '/home/kavia/workspace/code-generation/intratech-connect-17280-d523d95b/intratech_connect/src'
WARNING in [eslint] 
src/AppRoutes.js
  Line 1:38:  'useCallback' is defined but never used  no-unused-vars

src/components/ArticleEditor.js
  Line 1:17:  'useEffect' is defined but never used  no-unused-vars

ERROR in ./src/App.js 6:0-49
Module not found: Error: Can't resolve 'react-router-dom' in '/home/kavia/workspace/code-generation/intratech-connect-17280-d523d95b/intratech_connect/src'

ERROR in ./src/AppRoutes.js 11:0-75
Module not found: Error: Can't resolve 'react-router-dom' in '/home/kavia/workspace/code-generation/intratech-connect-17280-d523d95b/intratech_connect/src'

ERROR in ./src/components/ArticleCard.js 6:0-40
Module not found: Error: Can't resolve 'react-router-dom' in '/home/kavia/workspace/code-generation/intratech-connect-17280-d523d95b/intratech_connect/src/components'

ERROR in ./src/components/ArticleView.js 7:0-40
Module not found: Error: Can't resolve 'react-router-dom' in '/home/kavia/workspace/code-generation/intratech-connect-17280-d523d95b/intratech_connect/src/components'

ERROR in ./src/components/CategoryList.js 6:0-40
Module not found: Error: Can't resolve 'react-router-dom' in '/home/kavia/workspace/code-generation/intratech-connect-17280-d523d95b/intratech_connect/src/components'

ERROR in ./src/components/Header.js 5:0-49
Module not found: Error: Can't resolve 'react-router-dom' in '/home/kavia/workspace/code-generation/intratech-connect-17280-d523d95b/intratech_connect/src/components'

ERROR in ./src/components/Sidebar.js 7:0-40
Module not found: Error: Can't resolve 'react-router-dom' in '/home/kavia/workspace/code-generation/intratech-connect-17280-d523d95b/intratech_connect/src/components'

ERROR in ./src/components/TagList.js 6:0-40
Module not found: Error: Can't resolve 'react-router-dom' in '/home/kavia/workspace/code-generation/intratech-connect-17280-d523d95b/intratech_connect/src/components'

webpack compiled with 8 errors and 1 warning
Compiling...
Compiled with warnings.

[eslint] 
src/AppRoutes.js
  Line 1:38:  'useCallback' is defined but never used  no-unused-vars

src/components/ArticleEditor.js
  Line 1:17:  'useEffect' is defined but never used  no-unused-vars

Search for the keywords to learn more about each warning.
To ignore, add // eslint-disable-next-line to the line before.

WARNING in [eslint] 
src/AppRoutes.js
  Line 1:38:  'useCallback' is defined but never used  no-unused-vars

src/components/ArticleEditor.js
  Line 1:17:  'useEffect' is defined but never used  no-unused-vars

webpack compiled with 1 warning
